
    -----------------------------------------------------------------------
          Psi4: An Open-Source Ab Initio Electronic Structure Package
                               Psi4 1.4a2.dev35 

                         Git: Rev {master} 03b714c dirty


    R. M. Parrish, L. A. Burns, D. G. A. Smith, A. C. Simmonett,
    A. E. DePrince III, E. G. Hohenstein, U. Bozkaya, A. Yu. Sokolov,
    R. Di Remigio, R. M. Richard, J. F. Gonthier, A. M. James,
    H. R. McAlexander, A. Kumar, M. Saitow, X. Wang, B. P. Pritchard,
    P. Verma, H. F. Schaefer III, K. Patkowski, R. A. King, E. F. Valeev,
    F. A. Evangelista, J. M. Turney, T. D. Crawford, and C. D. Sherrill,
    J. Chem. Theory Comput. 13(7) pp 3185--3197 (2017).
    (doi: 10.1021/acs.jctc.7b00174)


                         Additional Contributions by
    P. Kraus, H. Kruse, M. H. Lechner, M. C. Schieber, R. A. Shaw,
    A. Alenaizan, R. Galvelis, Z. L. Glick, S. Lehtola, and J. P. Misiewicz

    -----------------------------------------------------------------------


    Psi4 started on: Monday, 27 January 2020 08:48AM

    Process ID: 31621
    Host:       rich133-k41-16-l.pace.gatech.edu
    PSIDATADIR: /nv/hp22/jmcdaniel43/data/Programs/psi4/psi4/bin/share/psi4
    Memory:     500.0 MiB
    Threads:    1
    
  ==> Input File <==

--------------------------------------------------------------------------
molecule h2o {
O	30.275	30.306	30.18
H	29.677	30.07	30.945
H	30.855	29.523	29.956
symmetry c1
no_reorient
no_com
}

Chrgfield = QMMM()
#  q , x , y , z
Chrgfield.extern.addCharge(2.0, 33.0 , 30.0 , 30.0)
Chrgfield.extern.addCharge(-1.0, 25.9 , 25.0 , 30.0)
Chrgfield.extern.addCharge(-1.0, 36.1 , 35.0 , 30.0)
psi4.set_global_option_python('EXTERN', Chrgfield.extern)

set {
basis aug-cc-pvdz
dft_spherical_points 2702
dft_radial_points 89
scf_type df
}

energy('PBE')

--------------------------------------------------------------------------

*** tstart() called on rich133-k41-16-l.pace.gatech.edu
*** at Mon Jan 27 08:48:02 2020

   => Loading Basis Set <=

    Name: AUG-CC-PVDZ
    Role: ORBITAL
    Keyword: BASIS
    atoms 1   entry O          line   254 file /nv/hp22/jmcdaniel43/data/Programs/psi4/psi4/bin/share/psi4/basis/aug-cc-pvdz.gbs 
    atoms 2-3 entry H          line    40 file /nv/hp22/jmcdaniel43/data/Programs/psi4/psi4/bin/share/psi4/basis/aug-cc-pvdz.gbs 


         ---------------------------------------------------------
                                   SCF
               by Justin Turney, Rob Parrish, Andy Simmonett
                          and Daniel G. A. Smith
                              RKS Reference
                        1 Threads,    500 MiB Core
         ---------------------------------------------------------

  ==> Geometry <==

    Molecular point group: c1
    Full point group: C1

    Geometry (in Angstrom), charge = 0, multiplicity = 1:

       Center              X                  Y                   Z               Mass       
    ------------   -----------------  -----------------  -----------------  -----------------
         O           30.275000000000    30.306000000000    30.180000000000    15.994914619570
         H           29.677000000000    30.070000000000    30.945000000000     1.007825032230
         H           30.855000000000    29.523000000000    29.956000000000     1.007825032230

  Running in c1 symmetry.

  Rotational constants: A =      8.96367  B =      0.00034  C =      0.00034 [cm^-1]
  Rotational constants: A = 268724.01754  B =     10.22522  C =     10.22506 [MHz]
  Nuclear repulsion =    8.794824250261485

  Charge       = 0
  Multiplicity = 1
  Electrons    = 10
  Nalpha       = 5
  Nbeta        = 5

  ==> Algorithm <==

  SCF Algorithm Type is DF.
  DIIS enabled.
  MOM disabled.
  Fractional occupation disabled.
  Guess Type is SAD.
  Energy threshold   = 1.00e-06
  Density threshold  = 1.00e-06
  Integral threshold = 0.00e+00

  ==> Primary Basis <==

  Basis Set: AUG-CC-PVDZ
    Blend: AUG-CC-PVDZ
    Number of shells: 19
    Number of basis function: 41
    Number of Cartesian functions: 43
    Spherical Harmonics?: true
    Max angular momentum: 2

  ==> DFT Potential <==

   => Composite Functional: PBE <= 

    PBE GGA Exchange-Correlation Functional

    J.P. Perdew et. al., Phys. Rev. Lett., 77(18), 3865-3868, 1996


    Deriv               =              1
    GGA                 =           TRUE
    Meta                =          FALSE

    Exchange Hybrid     =          FALSE
    MP2 Hybrid          =          FALSE

   => Exchange Functionals <=

    1.0000     XC_GGA_X_PBE

   => Correlation Functionals <=

    1.0000     XC_GGA_C_PBE

   => Molecular Quadrature <=

    Radial Scheme          =       TREUTLER
    Pruning Scheme         =           NONE
    Nuclear Scheme         =       TREUTLER

    BS radius alpha        =              1
    Pruning alpha          =              1
    Radial Points          =             89
    Spherical Points       =           2702
    Total Points           =         703393
    Total Blocks           =           4768
    Max Points             =            256
    Max Functions          =             41
    Weights Tolerance      =       1.00E-15

   => Loading Basis Set <=

    Name: (AUG-CC-PVDZ AUX)
    Role: JKFIT
    Keyword: DF_BASIS_SCF
    atoms 1   entry O          line   270 file /nv/hp22/jmcdaniel43/data/Programs/psi4/psi4/bin/share/psi4/basis/aug-cc-pvdz-jkfit.gbs 
    atoms 2-3 entry H          line    70 file /nv/hp22/jmcdaniel43/data/Programs/psi4/psi4/bin/share/psi4/basis/aug-cc-pvdz-jkfit.gbs 

  ==> Pre-Iterations <==

   -------------------------------------------------------
    Irrep   Nso     Nmo     Nalpha   Nbeta   Ndocc  Nsocc
   -------------------------------------------------------
     A         41      41       0       0       0       0
   -------------------------------------------------------
    Total      41      41       5       5       5       0
   -------------------------------------------------------

  ==> Integral Setup <==

  DFHelper Memory: AOs need 0.002 GiB; user supplied 0.002 GiB. Using in-core AOs.

  ==> MemDFJK: Density-Fitted J/K Matrices <==

    J tasked:                   Yes
    K tasked:                    No
    wK tasked:                   No
    OpenMP threads:               1
    Memory [MiB]:                 2
    Algorithm:                 Core
    Schwarz Cutoff:           1E-12
    Mask sparsity (%):       0.0000
    Fitting Condition:        1E-10

   => Auxiliary Basis Set <=

  Basis Set: (AUG-CC-PVDZ AUX)
    Blend: AUG-CC-PVDZ-JKFIT
    Number of shells: 52
    Number of basis function: 150
    Number of Cartesian functions: 171
    Spherical Harmonics?: true
    Max angular momentum: 3

  Cached 50.0% of DFT collocation blocks in 0.418 [GiB].

   => External Potential Field:  <= 

    > Charges [a.u.] < 

              Z          x          y          z
        2.00000   33.00000   30.00000   30.00000
       -1.00000   25.90000   25.00000   30.00000
       -1.00000   36.10000   35.00000   30.00000

  Old nuclear repulsion        =    8.794824250261485
  Additional nuclear repulsion =    2.391430458615204
  Total nuclear repulsion      =   11.186254708876689

  Minimum eigenvalue in the overlap matrix is 3.1974438574E-03.
  Using Symmetric Orthogonalization.

  SCF Guess: Superposition of Atomic Densities via on-the-fly atomic UHF.

  ==> Iterations <==

                           Total Energy        Delta E     RMS |[F,P]|

   @DF-RKS iter SAD:   -76.00179313507280   -7.60018e+01   0.00000e+00 
   @DF-RKS iter   1:   -76.20294116923347   -2.01148e-01   1.68950e-02 DIIS
   @DF-RKS iter   2:   -74.38671706578212    1.81622e+00   4.33887e-02 DIIS
   @DF-RKS iter   3:   -76.36005800952296   -1.97334e+00   6.13456e-03 DIIS
   @DF-RKS iter   4:   -76.39177493549431   -3.17169e-02   2.99475e-03 DIIS
   @DF-RKS iter   5:   -76.39881922338907   -7.04429e-03   9.28137e-04 DIIS
   @DF-RKS iter   6:   -76.39952047899469   -7.01256e-04   8.00938e-05 DIIS
   @DF-RKS iter   7:   -76.39952114001929   -6.61025e-07   6.20331e-05 DIIS
   @DF-RKS iter   8:   -76.39952455613761   -3.41612e-06   7.22414e-06 DIIS
   @DF-RKS iter   9:   -76.39952460115533   -4.50177e-08   3.44016e-07 DIIS
  Energy and wave function converged.


  ==> Post-Iterations <==

    Orbital Energies [Eh]
    ---------------------

    Doubly Occupied:                                                      

       1A    -19.095463     2A     -1.215319     3A     -0.780130  
       4A     -0.617520     5A     -0.568431  

    Virtual:                                                              

       6A     -0.480458     7A     -0.204103     8A     -0.171639  
       9A     -0.137960    10A     -0.123971    11A     -0.058069  
      12A     -0.011534    13A      0.006033    14A      0.016919  
      15A      0.075777    16A      0.104483    17A      0.157844  
      18A      0.199123    19A      0.312930    20A      0.352876  
      21A      0.437186    22A      0.597411    23A      0.606193  
      24A      0.635937    25A      0.773689    26A      0.850734  
      27A      0.893613    28A      0.985141    29A      1.374594  
      30A      1.405238    31A      1.494137    32A      1.696255  
      33A      1.813833    34A      1.858130    35A      2.068611  
      36A      2.263168    37A      2.893710    38A      2.899202  
      39A      2.919388    40A      3.218644    41A      3.404248  

    Final Occupation by Irrep:
              A 
    DOCC [     5 ]

  @DF-RKS Final Energy:   -76.39952460115533

   => Energetics <=

    Nuclear Repulsion Energy =             11.1862547088766888
    One-Electron Energy =                -124.0983158490823257
    Two-Electron Energy =                  45.6438792008271790
    DFT Exchange-Correlation Energy =      -9.1313426617768876
    Empirical Dispersion Energy =           0.0000000000000000
    VV10 Nonlocal Energy =                  0.0000000000000000
    Total Energy =                        -76.3995246011553348

Computation Completed


Properties will be evaluated at   0.000000,   0.000000,   0.000000 [a0]

Properties computed using the SCF density matrix

  Nuclear Dipole Moment: [e a0]
     X:   572.0806      Y:   570.7748      Z:   571.3417

  Electronic Dipole Moment: [e a0]
     X:  -573.4585      Y:  -571.1657      Z:  -570.9029

  Dipole Moment: [e a0]
     X:    -1.3779      Y:    -0.3910      Z:     0.4388     Total:     1.4980

  Dipole Moment: [D]
     X:    -3.5024      Y:    -0.9937      Z:     1.1153     Total:     3.8077


*** tstop() called on rich133-k41-16-l.pace.gatech.edu at Mon Jan 27 08:48:19 2020
Module time:
	user time   =      15.61 seconds =       0.26 minutes
	system time =       0.81 seconds =       0.01 minutes
	total time  =         17 seconds =       0.28 minutes
Total time:
	user time   =      15.61 seconds =       0.26 minutes
	system time =       0.81 seconds =       0.01 minutes
	total time  =         17 seconds =       0.28 minutes

    Psi4 stopped on: Monday, 27 January 2020 08:48AM
    Psi4 wall time for execution: 0:00:16.54

*** Psi4 exiting successfully. Buy a developer a beer!
